Abaqus/Explicit 2025                             DATE 16-Sep-2026  TIME 11:19:01
-------------------------------------------------------------------------------
 PREPROCESSOR WARNING MESSAGES
-------------------------------------------------------------------------------


***WARNING: There are 13 warning messages in the data (.dat) file.  Please
            check the data file for possible errors in the input file.


-------------------------------------------------------------------------------
 NUMERICAL PRECISION USED FOR THIS Abaqus/Explicit ANALYSIS
-------------------------------------------------------------------------------

Double precision package and explicit executables will be used in this analysis.

-------------------------------------------------------------------------------

***WARNING: Surface (general) contact history output has been requested for
            surface ASSEMBLY_ROBOT_SOLID-1_ROBOT_SOLID_SURF in step 1, but
            only a portion of this surface intersects with the general contact
            domain.


***WARNING: A surface (general) contact field output has been requested for
            surface ASSEMBLY_ROBOT_SOLID-1_ROBOT_SOLID_SURF in step 1, but
            only a portion of this surface intersects with the general contact
            domain.

-------------------------------------------------------------------------------
 MODEL INFORMATION (IN GLOBAL X-Y COORDINATES)
-------------------------------------------------------------------------------

   Total mass in model = 1.10735E-07
   Center of mass of model = (-7.806648E+00,-6.961101E+00,-7.376987E+00)

    Moments of Inertia :
                 About Center of Mass              About Origin
      I(XX)          2.338209E-06                  1.373025E-05
      I(YY)          5.738266E-06                  1.851303E-05
      I(ZZ)          7.100027E-06                  1.921448E-05
      I(XY)         -2.221210E-06                 -8.238853E-06
      I(YZ)          8.389748E-07                 -4.847470E-06
      I(ZX)          5.938420E-07                 -5.783320E-06
-------------------------------------------------------------------------------

  INFORMATION REGARDING INITIAL CONTACT OVERCLOSURES FOR NEWLY DEFINED GENERAL
  CONTACT INTERACTIONS IN STEP 1

-------------------------------------------------------------------------------

  No initial node-face or edge-edge overclosures found.


  No nodal position adjustments have been made.


  No unresolved initial node-face or edge-edge overclosures found.


***NOTE: You can view the deformed configuration due to the resolution of
         initial overclosures.  In increment 0, draw the deformed shape or
         draw a symbol plot of vector displacements.

------------------------------------------------------------------------------

Abaqus/Explicit 2025                             DATE 16-Sep-2026  TIME 11:19:04
The entire model is considered 1 domain.
Only 1 MPI rank is used.

-------------------------------------------------------------------------------
 SOLUTION PROGRESS
-------------------------------------------------------------------------------

 STEP 1  ORIGIN 0.0000

  Total memory used for step 1 is approximately 59.9 megabytes.
  Direct time incrementation control will be used.

***WARNING: The direct user control is used in the current analysis step. In
            this case, Abaqus/Explicit will not check that the computed
            response is stable during the step. Please check carefully the
            energy history and other response variables to ensure that a valid
            and stable response has been obtained.

              STEP     TOTAL      WALL        STABLE    CRITICAL    KINETIC      TOTAL
INCREMENT     TIME      TIME      TIME     INCREMENT     ELEMENT     ENERGY     ENERGY
        0  0.000E+00 0.000E+00  00:00:00 1.00000E-07           0  0.000E+00  0.000E+00
Output Field Frame Number     0, with time interval 5.000E-04, at step time 0.000E+00 of 7.500E-02
     5000  5.000E-04 5.000E-04  00:00:32 1.00000E-07           0  1.866E-08  2.228E-15
Output Field Frame Number     1, with time interval 5.000E-04, at step time 5.000E-04 of 7.500E-02
    10000  1.000E-03 1.000E-03  00:01:06 1.00000E-07           0  1.417E-06  2.232E-14
Output Field Frame Number     2, with time interval 5.000E-04, at step time 1.000E-03 of 7.500E-02
    15000  1.500E-03 1.500E-03  00:01:41 1.00000E-07           0  6.921E-06  1.550E-14
Output Field Frame Number     3, with time interval 5.000E-04, at step time 1.500E-03 of 7.500E-02
    20000  2.000E-03 2.000E-03  00:02:19 1.00000E-07           0  1.187E-05  1.493E-15
Output Field Frame Number     4, with time interval 5.000E-04, at step time 2.000E-03 of 7.500E-02
    25000  2.500E-03 2.500E-03  00:02:54 1.00000E-07           0  1.037E-05  8.769E-15
Output Field Frame Number     5, with time interval 5.000E-04, at step time 2.500E-03 of 7.500E-02
    30000  3.000E-03 3.000E-03  00:03:21 1.00000E-07           0  5.297E-06  2.361E-14
Output Field Frame Number     6, with time interval 5.000E-04, at step time 3.000E-03 of 7.500E-02
    35001  3.500E-03 3.500E-03  00:03:56 1.00000E-07           0  3.431E-06  1.697E-14
Output Field Frame Number     7, with time interval 5.000E-04, at step time 3.500E-03 of 7.500E-02
    40000  4.000E-03 4.000E-03  00:04:22 1.00000E-07           0  4.897E-06  1.883E-15
Output Field Frame Number     8, with time interval 5.000E-04, at step time 4.000E-03 of 7.500E-02
    45001  4.500E-03 4.500E-03  00:04:45 1.00000E-07           0  6.060E-06  7.323E-15
Output Field Frame Number     9, with time interval 5.000E-04, at step time 4.500E-03 of 7.500E-02
    50000  5.000E-03 5.000E-03  00:05:06 1.00000E-07           0  8.281E-06  2.094E-14
Output Field Frame Number    10, with time interval 5.000E-04, at step time 5.000E-03 of 7.500E-02
    55000  5.500E-03 5.500E-03  00:05:27 1.00000E-07           0  1.426E-05  1.463E-14
Output Field Frame Number    11, with time interval 5.000E-04, at step time 5.500E-03 of 7.500E-02
    60000  6.000E-03 6.000E-03  00:05:54 1.00000E-07           0  1.999E-05  1.323E-15
Output Field Frame Number    12, with time interval 5.000E-04, at step time 6.000E-03 of 7.500E-02
    65001  6.500E-03 6.500E-03  00:06:26 1.00000E-07           0  2.006E-05  9.189E-15
Output Field Frame Number    13, with time interval 5.000E-04, at step time 6.500E-03 of 7.500E-02
    70001  7.000E-03 7.000E-03  00:06:58 1.00000E-07           0  1.732E-05  2.456E-14
Output Field Frame Number    14, with time interval 5.000E-04, at step time 7.000E-03 of 7.500E-02
    75000  7.500E-03 7.500E-03  00:07:29 1.00000E-07           0  1.812E-05  1.800E-14
Output Field Frame Number    15, with time interval 5.000E-04, at step time 7.500E-03 of 7.500E-02
    80000  8.000E-03 8.000E-03  00:07:49 1.00000E-07           0  2.186E-05  2.119E-15
Output Field Frame Number    16, with time interval 5.000E-04, at step time 8.000E-03 of 7.500E-02
    85001  8.500E-03 8.500E-03  00:08:08 1.00000E-07           0  2.427E-05  6.551E-15
Output Field Frame Number    17, with time interval 5.000E-04, at step time 8.500E-03 of 7.500E-02
    90001  9.000E-03 9.000E-03  00:08:31 1.00000E-07           0  2.660E-05  1.992E-14
Output Field Frame Number    18, with time interval 5.000E-04, at step time 9.000E-03 of 7.500E-02
    95000  9.500E-03 9.500E-03  00:09:08 1.00000E-07           0  3.231E-05  1.407E-14
Output Field Frame Number    19, with time interval 5.000E-04, at step time 9.500E-03 of 7.500E-02
   100000  1.000E-02 1.000E-02  00:09:44 1.00000E-07           0  3.848E-05  1.177E-15
Output Field Frame Number    20, with time interval 5.000E-04, at step time 1.000E-02 of 7.500E-02
   105001  1.050E-02 1.050E-02  00:10:23 1.00000E-07           0  3.890E-05  1.088E-12
Output Field Frame Number    21, with time interval 5.000E-04, at step time 1.050E-02 of 7.500E-02
   110000  1.100E-02 1.100E-02  00:11:00 1.00000E-07           0  4.251E-05  1.099E-12
Output Field Frame Number    22, with time interval 5.000E-04, at step time 1.100E-02 of 7.500E-02
   115000  1.150E-02 1.150E-02  00:11:36 1.00000E-07           0  4.650E-05  1.111E-12
Output Field Frame Number    23, with time interval 5.000E-04, at step time 1.150E-02 of 7.500E-02
   120000  1.200E-02 1.200E-02  00:12:11 1.00000E-07           0  4.757E-05  9.319E-13
Output Field Frame Number    24, with time interval 5.000E-04, at step time 1.200E-02 of 7.500E-02
   125001  1.250E-02 1.250E-02  00:12:46 1.00000E-07           0  5.152E-05  9.302E-13
Output Field Frame Number    25, with time interval 5.000E-04, at step time 1.250E-02 of 7.500E-02
   130001  1.300E-02 1.300E-02  00:13:20 1.00000E-07           0  5.556E-05  9.748E-13
Output Field Frame Number    26, with time interval 5.000E-04, at step time 1.300E-02 of 7.500E-02
   135000  1.350E-02 1.350E-02  00:13:56 1.00000E-07           0  6.062E-05  9.475E-13
Output Field Frame Number    27, with time interval 5.000E-04, at step time 1.350E-02 of 7.500E-02
   140001  1.400E-02 1.400E-02  00:14:30 1.00000E-07           0  6.534E-05  9.427E-13
Output Field Frame Number    28, with time interval 5.000E-04, at step time 1.400E-02 of 7.500E-02
   145001  1.450E-02 1.450E-02  00:15:06 1.00000E-07           0  6.991E-05  9.533E-13
Output Field Frame Number    29, with time interval 5.000E-04, at step time 1.450E-02 of 7.500E-02
   150000  1.500E-02 1.500E-02  00:15:41 1.00000E-07           0  7.532E-05  9.792E-13
Output Field Frame Number    30, with time interval 5.000E-04, at step time 1.500E-02 of 7.500E-02
   155000  1.550E-02 1.550E-02  00:16:17 1.00000E-07           0  8.170E-05  1.005E-12
Output Field Frame Number    31, with time interval 5.000E-04, at step time 1.550E-02 of 7.500E-02
   160000  1.600E-02 1.600E-02  00:16:52 1.00000E-07           0  8.769E-05  1.021E-12
Output Field Frame Number    32, with time interval 5.000E-04, at step time 1.600E-02 of 7.500E-02
   165000  1.650E-02 1.650E-02  00:17:27 1.00000E-07           0  9.260E-05  1.020E-12
Output Field Frame Number    33, with time interval 5.000E-04, at step time 1.650E-02 of 7.500E-02
   170001  1.700E-02 1.700E-02  00:18:02 1.00000E-07           0  9.741E-05  1.000E-12
Output Field Frame Number    34, with time interval 5.000E-04, at step time 1.700E-02 of 7.500E-02
   175001  1.750E-02 1.750E-02  00:18:36 1.00000E-07           0  1.031E-04  9.726E-13
Output Field Frame Number    35, with time interval 5.000E-04, at step time 1.750E-02 of 7.500E-02
   180001  1.800E-02 1.800E-02  00:19:12 1.00000E-07           0  1.092E-04  9.602E-13
Output Field Frame Number    36, with time interval 5.000E-04, at step time 1.800E-02 of 7.500E-02
   185000  1.850E-02 1.850E-02  00:19:48 1.00000E-07           0  1.159E-04  9.750E-13
Output Field Frame Number    37, with time interval 5.000E-04, at step time 1.850E-02 of 7.500E-02
   190000  1.900E-02 1.900E-02  00:20:22 1.00000E-07           0  1.237E-04  1.007E-12
Output Field Frame Number    38, with time interval 5.000E-04, at step time 1.900E-02 of 7.500E-02
   195000  1.950E-02 1.950E-02  00:20:58 1.00000E-07           0  1.324E-04  1.039E-12
Output Field Frame Number    39, with time interval 5.000E-04, at step time 1.950E-02 of 7.500E-02

 STEP 1  ORIGIN 0.0000


***WARNING: The direct user control is used in the current analysis step. In
            this case, Abaqus/Explicit will not check that the computed
            response is stable during the step. Please check carefully the
            energy history and other response variables to ensure that a valid
            and stable response has been obtained.

              STEP     TOTAL      WALL        STABLE    CRITICAL    KINETIC      TOTAL
INCREMENT     TIME      TIME      TIME     INCREMENT     ELEMENT     ENERGY     ENERGY
   200000  2.000E-02 2.000E-02  00:21:33 1.00000E-07           0  1.401E-04  1.056E-12
Output Field Frame Number    40, with time interval 5.000E-04, at step time 2.000E-02 of 7.500E-02
   205001  2.050E-02 2.050E-02  00:22:12 1.00000E-07           0  1.462E-04  1.053E-12
Output Field Frame Number    41, with time interval 5.000E-04, at step time 2.050E-02 of 7.500E-02
   210001  2.100E-02 2.100E-02  00:22:41 1.00000E-07           0  1.520E-04  1.028E-12
Output Field Frame Number    42, with time interval 5.000E-04, at step time 2.100E-02 of 7.500E-02
   215001  2.150E-02 2.150E-02  00:23:01 1.00000E-07           0  1.587E-04  9.966E-13
Output Field Frame Number    43, with time interval 5.000E-04, at step time 2.150E-02 of 7.500E-02
   220000  2.200E-02 2.200E-02  00:23:19 1.00000E-07           0  1.664E-04  9.829E-13
Output Field Frame Number    44, with time interval 5.000E-04, at step time 2.200E-02 of 7.500E-02
   225000  2.250E-02 2.250E-02  00:23:37 1.00000E-07           0  1.750E-04  9.999E-13
Output Field Frame Number    45, with time interval 5.000E-04, at step time 2.250E-02 of 7.500E-02
   230000  2.300E-02 2.300E-02  00:23:55 1.00000E-07           0  1.849E-04  1.036E-12
Output Field Frame Number    46, with time interval 5.000E-04, at step time 2.300E-02 of 7.500E-02
   235000  2.350E-02 2.350E-02  00:24:13 1.00000E-07           0  1.954E-04  1.070E-12
Output Field Frame Number    47, with time interval 5.000E-04, at step time 2.350E-02 of 7.500E-02
   240000  2.400E-02 2.400E-02  00:24:32 1.00000E-07           0  2.048E-04  1.087E-12
Output Field Frame Number    48, with time interval 5.000E-04, at step time 2.400E-02 of 7.500E-02
   245001  2.450E-02 2.450E-02  00:24:50 1.00000E-07           0  2.122E-04  1.080E-12
Output Field Frame Number    49, with time interval 5.000E-04, at step time 2.450E-02 of 7.500E-02
   250001  2.500E-02 2.500E-02  00:25:13 1.00000E-07           0  2.192E-04  1.049E-12
Output Field Frame Number    50, with time interval 5.000E-04, at step time 2.500E-02 of 7.500E-02
   255001  2.550E-02 2.550E-02  00:25:47 1.00000E-07           0  2.273E-04  1.013E-12
Output Field Frame Number    51, with time interval 5.000E-04, at step time 2.550E-02 of 7.500E-02
   260001  2.600E-02 2.600E-02  00:26:22 1.00000E-07           0  2.365E-04  9.971E-13
Output Field Frame Number    52, with time interval 5.000E-04, at step time 2.600E-02 of 7.500E-02
   265000  2.650E-02 2.650E-02  00:26:56 1.00000E-07           0  2.467E-04  1.014E-12
Output Field Frame Number    53, with time interval 5.000E-04, at step time 2.650E-02 of 7.500E-02
   270000  2.700E-02 2.700E-02  00:27:31 1.00000E-07           0  2.581E-04  1.051E-12
Output Field Frame Number    54, with time interval 5.000E-04, at step time 2.700E-02 of 7.500E-02
   275000  2.750E-02 2.750E-02  00:28:05 1.00000E-07           0  2.700E-04  1.085E-12
Output Field Frame Number    55, with time interval 5.000E-04, at step time 2.750E-02 of 7.500E-02
   280001  2.800E-02 2.800E-02  00:28:38 1.00000E-07           0  2.807E-04  1.099E-12
Output Field Frame Number    56, with time interval 5.000E-04, at step time 2.800E-02 of 7.500E-02
   285001  2.850E-02 2.850E-02  00:29:12 1.00000E-07           0  2.853E-04  1.560E-12
Output Field Frame Number    57, with time interval 5.000E-04, at step time 2.850E-02 of 7.500E-02
   290001  2.900E-02 2.900E-02  00:29:46 1.00000E-07           0  2.953E-04  1.568E-12
Output Field Frame Number    58, with time interval 5.000E-04, at step time 2.900E-02 of 7.500E-02
   295001  2.950E-02 2.950E-02  00:30:20 1.00000E-07           0  3.070E-04  1.619E-12
Output Field Frame Number    59, with time interval 5.000E-04, at step time 2.950E-02 of 7.500E-02
   300000  3.000E-02 3.000E-02  00:30:55 1.00000E-07           0  3.236E-04  1.660E-12
Output Field Frame Number    60, with time interval 5.000E-04, at step time 3.000E-02 of 7.500E-02
   305000  3.050E-02 3.050E-02  00:31:29 1.00000E-07           0  3.340E-04  2.944E-12
Output Field Frame Number    61, with time interval 5.000E-04, at step time 3.050E-02 of 7.500E-02
   310000  3.100E-02 3.100E-02  00:32:02 1.00000E-07           0  3.469E-04  2.998E-12
Output Field Frame Number    62, with time interval 5.000E-04, at step time 3.100E-02 of 7.500E-02
   315000  3.150E-02 3.150E-02  00:32:36 1.00000E-07           0  3.593E-04  3.044E-12
Output Field Frame Number    63, with time interval 5.000E-04, at step time 3.150E-02 of 7.500E-02
   320000  3.200E-02 3.200E-02  00:33:10 1.00000E-07           0  3.699E-04  3.055E-12
Output Field Frame Number    64, with time interval 5.000E-04, at step time 3.200E-02 of 7.500E-02
   325000  3.250E-02 3.250E-02  00:33:42 1.00000E-07           0  3.798E-04  3.019E-12
Output Field Frame Number    65, with time interval 5.000E-04, at step time 3.250E-02 of 7.500E-02
   330000  3.300E-02 3.300E-02  00:34:16 1.00000E-07           0  3.908E-04  2.950E-12
Output Field Frame Number    66, with time interval 5.000E-04, at step time 3.300E-02 of 7.500E-02
   335001  3.350E-02 3.350E-02  00:34:50 1.00000E-07           0  4.029E-04  2.888E-12
Output Field Frame Number    67, with time interval 5.000E-04, at step time 3.350E-02 of 7.500E-02
   340001  3.400E-02 3.400E-02  00:35:23 1.00000E-07           0  4.114E-04  2.229E-12
Output Field Frame Number    68, with time interval 5.000E-04, at step time 3.400E-02 of 7.500E-02
   345001  3.450E-02 3.450E-02  00:35:57 1.00000E-07           0  4.209E-04  2.333E-12
Output Field Frame Number    69, with time interval 5.000E-04, at step time 3.450E-02 of 7.500E-02
   350001  3.500E-02 3.500E-02  00:36:30 1.00000E-07           0  4.300E-04  2.242E-12
Output Field Frame Number    70, with time interval 5.000E-04, at step time 3.500E-02 of 7.500E-02
   355001  3.550E-02 3.550E-02  00:37:03 1.00000E-07           0  4.420E-04  2.251E-12
Output Field Frame Number    71, with time interval 5.000E-04, at step time 3.550E-02 of 7.500E-02
   360001  3.600E-02 3.600E-02  00:37:38 1.00000E-07           0  4.582E-04  2.289E-12
Output Field Frame Number    72, with time interval 5.000E-04, at step time 3.600E-02 of 7.500E-02
   365000  3.650E-02 3.650E-02  00:38:12 1.00000E-07           0  4.757E-04  2.245E-12
Output Field Frame Number    73, with time interval 5.000E-04, at step time 3.650E-02 of 7.500E-02
   370000  3.700E-02 3.700E-02  00:38:46 1.00000E-07           0  4.911E-04  2.190E-12
Output Field Frame Number    74, with time interval 5.000E-04, at step time 3.700E-02 of 7.500E-02
   375000  3.750E-02 3.750E-02  00:39:19 1.00000E-07           0  4.926E-04  1.125E-12
Output Field Frame Number    75, with time interval 5.000E-04, at step time 3.750E-02 of 7.500E-02
   380000  3.800E-02 3.800E-02  00:39:53 1.00000E-07           0  5.039E-04  1.208E-12
Output Field Frame Number    76, with time interval 5.000E-04, at step time 3.800E-02 of 7.500E-02
   385000  3.850E-02 3.850E-02  00:40:26 1.00000E-07           0  5.149E-04  1.302E-12
Output Field Frame Number    77, with time interval 5.000E-04, at step time 3.850E-02 of 7.500E-02
   390000  3.900E-02 3.900E-02  00:40:59 1.00000E-07           0  5.308E-04  1.315E-12
Output Field Frame Number    78, with time interval 5.000E-04, at step time 3.900E-02 of 7.500E-02
   395000  3.950E-02 3.950E-02  00:41:32 1.00000E-07           0  5.469E-04  1.271E-12
Output Field Frame Number    79, with time interval 5.000E-04, at step time 3.950E-02 of 7.500E-02

 STEP 1  ORIGIN 0.0000


***WARNING: The direct user control is used in the current analysis step. In
            this case, Abaqus/Explicit will not check that the computed
            response is stable during the step. Please check carefully the
            energy history and other response variables to ensure that a valid
            and stable response has been obtained.

              STEP     TOTAL      WALL        STABLE    CRITICAL    KINETIC      TOTAL
INCREMENT     TIME      TIME      TIME     INCREMENT     ELEMENT     ENERGY     ENERGY
   400000  4.000E-02 4.000E-02  00:42:05 1.00000E-07           0  5.573E-04  1.838E-12
Output Field Frame Number    80, with time interval 5.000E-04, at step time 4.000E-02 of 7.500E-02
   405000  4.050E-02 4.050E-02  00:42:39 1.00000E-07           0  5.730E-04  1.811E-12
Output Field Frame Number    81, with time interval 5.000E-04, at step time 4.050E-02 of 7.500E-02
   410001  4.100E-02 4.100E-02  00:43:15 1.00000E-07           0  5.882E-04  1.801E-12
Output Field Frame Number    82, with time interval 5.000E-04, at step time 4.100E-02 of 7.500E-02
   415001  4.150E-02 4.150E-02  00:43:52 1.00000E-07           0  6.025E-04  1.807E-12
Output Field Frame Number    83, with time interval 5.000E-04, at step time 4.150E-02 of 7.500E-02
   420001  4.200E-02 4.200E-02  00:44:28 1.00000E-07           0  6.168E-04  1.820E-12
Output Field Frame Number    84, with time interval 5.000E-04, at step time 4.200E-02 of 7.500E-02
   425001  4.250E-02 4.250E-02  00:45:02 1.00000E-07           0  6.320E-04  1.833E-12
Output Field Frame Number    85, with time interval 5.000E-04, at step time 4.250E-02 of 7.500E-02
   430001  4.300E-02 4.300E-02  00:45:37 1.00000E-07           0  6.476E-04  1.852E-12
Output Field Frame Number    86, with time interval 5.000E-04, at step time 4.300E-02 of 7.500E-02
   435001  4.350E-02 4.350E-02  00:46:10 1.00000E-07           0  6.639E-04  1.881E-12
Output Field Frame Number    87, with time interval 5.000E-04, at step time 4.350E-02 of 7.500E-02
   440000  4.400E-02 4.400E-02  00:46:44 1.00000E-07           0  6.812E-04  1.918E-12
Output Field Frame Number    88, with time interval 5.000E-04, at step time 4.400E-02 of 7.500E-02
   445000  4.450E-02 4.450E-02  00:47:18 1.00000E-07           0  6.990E-04  1.929E-12
Output Field Frame Number    89, with time interval 5.000E-04, at step time 4.450E-02 of 7.500E-02
   450000  4.500E-02 4.500E-02  00:47:52 1.00000E-07           0  7.157E-04  1.925E-12
Output Field Frame Number    90, with time interval 5.000E-04, at step time 4.500E-02 of 7.500E-02
   455000  4.550E-02 4.550E-02  00:48:26 1.00000E-07           0  7.313E-04  1.908E-12
Output Field Frame Number    91, with time interval 5.000E-04, at step time 4.550E-02 of 7.500E-02
   460000  4.600E-02 4.600E-02  00:48:59 1.00000E-07           0  7.470E-04  1.890E-12
Output Field Frame Number    92, with time interval 5.000E-04, at step time 4.600E-02 of 7.500E-02
   465000  4.650E-02 4.650E-02  00:49:34 1.00000E-07           0  7.638E-04  1.893E-12
Output Field Frame Number    93, with time interval 5.000E-04, at step time 4.650E-02 of 7.500E-02
   470000  4.700E-02 4.700E-02  00:50:08 1.00000E-07           0  7.814E-04  1.933E-12
Output Field Frame Number    94, with time interval 5.000E-04, at step time 4.700E-02 of 7.500E-02
   475000  4.750E-02 4.750E-02  00:50:42 1.00000E-07           0  8.001E-04  2.007E-12
Output Field Frame Number    95, with time interval 5.000E-04, at step time 4.750E-02 of 7.500E-02
   480000  4.800E-02 4.800E-02  00:51:16 1.00000E-07           0  8.198E-04  2.082E-12
Output Field Frame Number    96, with time interval 5.000E-04, at step time 4.800E-02 of 7.500E-02
   485001  4.850E-02 4.850E-02  00:51:46 1.00000E-07           0  8.397E-04  2.127E-12
Output Field Frame Number    97, with time interval 5.000E-04, at step time 4.850E-02 of 7.500E-02
   490001  4.900E-02 4.900E-02  00:52:18 1.00000E-07           0  8.581E-04  2.124E-12
Output Field Frame Number    98, with time interval 5.000E-04, at step time 4.900E-02 of 7.500E-02
   495001  4.950E-02 4.950E-02  00:52:49 1.00000E-07           0  8.750E-04  2.079E-12
Output Field Frame Number    99, with time interval 5.000E-04, at step time 4.950E-02 of 7.500E-02
   500001  5.000E-02 5.000E-02  00:53:21 1.00000E-07           0  8.922E-04  2.019E-12
Output Field Frame Number   100, with time interval 5.000E-04, at step time 5.000E-02 of 7.500E-02
   505001  5.050E-02 5.050E-02  00:53:53 1.00000E-07           0  9.104E-04  1.989E-12
Output Field Frame Number   101, with time interval 5.000E-04, at step time 5.050E-02 of 7.500E-02
   510001  5.100E-02 5.100E-02  00:54:25 1.00000E-07           0  9.297E-04  2.025E-12
Output Field Frame Number   102, with time interval 5.000E-04, at step time 5.100E-02 of 7.500E-02
   515001  5.150E-02 5.150E-02  00:54:56 1.00000E-07           0  9.499E-04  2.120E-12
Output Field Frame Number   103, with time interval 5.000E-04, at step time 5.150E-02 of 7.500E-02
   520001  5.200E-02 5.200E-02  00:55:28 1.00000E-07           0  9.712E-04  2.227E-12
Output Field Frame Number   104, with time interval 5.000E-04, at step time 5.200E-02 of 7.500E-02
   525000  5.250E-02 5.250E-02  00:55:59 1.00000E-07           0  9.924E-04  2.291E-12
Output Field Frame Number   105, with time interval 5.000E-04, at step time 5.250E-02 of 7.500E-02
   530000  5.300E-02 5.300E-02  00:56:31 1.00000E-07           0  1.012E-03  2.280E-12
Output Field Frame Number   106, with time interval 5.000E-04, at step time 5.300E-02 of 7.500E-02
   535000  5.350E-02 5.350E-02  00:57:02 1.00000E-07           0  1.030E-03  2.197E-12
Output Field Frame Number   107, with time interval 5.000E-04, at step time 5.350E-02 of 7.500E-02
   540000  5.400E-02 5.400E-02  00:57:33 1.00000E-07           0  1.049E-03  2.087E-12
Output Field Frame Number   108, with time interval 5.000E-04, at step time 5.400E-02 of 7.500E-02
   545000  5.450E-02 5.450E-02  00:58:05 1.00000E-07           0  1.069E-03  2.015E-12
Output Field Frame Number   109, with time interval 5.000E-04, at step time 5.450E-02 of 7.500E-02
   550000  5.500E-02 5.500E-02  00:58:37 1.00000E-07           0  1.089E-03  2.032E-12
Output Field Frame Number   110, with time interval 5.000E-04, at step time 5.500E-02 of 7.500E-02
   555000  5.550E-02 5.550E-02  00:59:08 1.00000E-07           0  1.110E-03  2.133E-12
Output Field Frame Number   111, with time interval 5.000E-04, at step time 5.550E-02 of 7.500E-02
   560001  5.600E-02 5.600E-02  00:59:40 1.00000E-07           0  1.132E-03  2.258E-12
Output Field Frame Number   112, with time interval 5.000E-04, at step time 5.600E-02 of 7.500E-02
   565001  5.650E-02 5.650E-02  01:00:11 1.00000E-07           0  1.154E-03  2.331E-12
Output Field Frame Number   113, with time interval 5.000E-04, at step time 5.650E-02 of 7.500E-02
   570001  5.700E-02 5.700E-02  01:00:43 1.00000E-07           0  1.175E-03  2.305E-12
Output Field Frame Number   114, with time interval 5.000E-04, at step time 5.700E-02 of 7.500E-02
   575001  5.750E-02 5.750E-02  01:01:14 1.00000E-07           0  1.195E-03  2.185E-12
Output Field Frame Number   115, with time interval 5.000E-04, at step time 5.750E-02 of 7.500E-02
   580001  5.800E-02 5.800E-02  01:01:46 1.00000E-07           0  1.215E-03  2.026E-12
Output Field Frame Number   116, with time interval 5.000E-04, at step time 5.800E-02 of 7.500E-02
   585001  5.850E-02 5.850E-02  01:02:18 1.00000E-07           0  1.236E-03  1.912E-12
Output Field Frame Number   117, with time interval 5.000E-04, at step time 5.850E-02 of 7.500E-02
   590001  5.900E-02 5.900E-02  01:02:50 1.00000E-07           0  1.257E-03  1.908E-12
Output Field Frame Number   118, with time interval 5.000E-04, at step time 5.900E-02 of 7.500E-02
   595001  5.950E-02 5.950E-02  01:03:22 1.00000E-07           0  1.279E-03  2.009E-12
Output Field Frame Number   119, with time interval 5.000E-04, at step time 5.950E-02 of 7.500E-02

 STEP 1  ORIGIN 0.0000


***WARNING: The direct user control is used in the current analysis step. In
            this case, Abaqus/Explicit will not check that the computed
            response is stable during the step. Please check carefully the
            energy history and other response variables to ensure that a valid
            and stable response has been obtained.

              STEP     TOTAL      WALL        STABLE    CRITICAL    KINETIC      TOTAL
INCREMENT     TIME      TIME      TIME     INCREMENT     ELEMENT     ENERGY     ENERGY
   600000  6.000E-02 6.000E-02  01:03:54 1.00000E-07           0  1.301E-03  2.145E-12
Output Field Frame Number   120, with time interval 5.000E-04, at step time 6.000E-02 of 7.500E-02
   605000  6.050E-02 6.050E-02  01:04:26 1.00000E-07           0  1.324E-03  2.223E-12
Output Field Frame Number   121, with time interval 5.000E-04, at step time 6.050E-02 of 7.500E-02
   610000  6.100E-02 6.100E-02  01:04:57 1.00000E-07           0  1.346E-03  2.187E-12
Output Field Frame Number   122, with time interval 5.000E-04, at step time 6.100E-02 of 7.500E-02
   615000  6.150E-02 6.150E-02  01:05:29 1.00000E-07           0  1.367E-03  2.037E-12
Output Field Frame Number   123, with time interval 5.000E-04, at step time 6.150E-02 of 7.500E-02
   620000  6.200E-02 6.200E-02  01:06:00 1.00000E-07           0  1.389E-03  1.842E-12
Output Field Frame Number   124, with time interval 5.000E-04, at step time 6.200E-02 of 7.500E-02
   625000  6.250E-02 6.250E-02  01:06:32 1.00000E-07           0  1.412E-03  1.697E-12
Output Field Frame Number   125, with time interval 5.000E-04, at step time 6.250E-02 of 7.500E-02
   630000  6.300E-02 6.300E-02  01:07:03 1.00000E-07           0  1.434E-03  1.679E-12
Output Field Frame Number   126, with time interval 5.000E-04, at step time 6.300E-02 of 7.500E-02
   635000  6.350E-02 6.350E-02  01:07:23 1.00000E-07           0  1.457E-03  1.782E-12
Output Field Frame Number   127, with time interval 5.000E-04, at step time 6.350E-02 of 7.500E-02
   640000  6.400E-02 6.400E-02  01:07:41 1.00000E-07           0  1.479E-03  1.929E-12
Output Field Frame Number   128, with time interval 5.000E-04, at step time 6.400E-02 of 7.500E-02
   645000  6.450E-02 6.450E-02  01:07:59 1.00000E-07           0  1.502E-03  2.016E-12
Output Field Frame Number   129, with time interval 5.000E-04, at step time 6.450E-02 of 7.500E-02
   650000  6.500E-02 6.500E-02  01:08:18 1.00000E-07           0  1.525E-03  1.973E-12
Output Field Frame Number   130, with time interval 5.000E-04, at step time 6.500E-02 of 7.500E-02
   655000  6.550E-02 6.550E-02  01:08:39 1.00000E-07           0  1.549E-03  1.805E-12
Output Field Frame Number   131, with time interval 5.000E-04, at step time 6.550E-02 of 7.500E-02
   660000  6.600E-02 6.600E-02  01:09:16 1.00000E-07           0  1.573E-03  1.585E-12
Output Field Frame Number   132, with time interval 5.000E-04, at step time 6.600E-02 of 7.500E-02
   665000  6.650E-02 6.650E-02  01:09:46 1.00000E-07           0  1.597E-03  1.422E-12
Output Field Frame Number   133, with time interval 5.000E-04, at step time 6.650E-02 of 7.500E-02
   670001  6.700E-02 6.700E-02  01:10:17 1.00000E-07           0  1.621E-03  1.399E-12
Output Field Frame Number   134, with time interval 5.000E-04, at step time 6.700E-02 of 7.500E-02
   675001  6.750E-02 6.750E-02  01:10:49 1.00000E-07           0  1.644E-03  1.512E-12
Output Field Frame Number   135, with time interval 5.000E-04, at step time 6.750E-02 of 7.500E-02
   680001  6.800E-02 6.800E-02  01:11:21 1.00000E-07           0  1.667E-03  1.676E-12
Output Field Frame Number   136, with time interval 5.000E-04, at step time 6.800E-02 of 7.500E-02
   685001  6.850E-02 6.850E-02  01:11:55 1.00000E-07           0  1.691E-03  1.775E-12
Output Field Frame Number   137, with time interval 5.000E-04, at step time 6.850E-02 of 7.500E-02
   690001  6.900E-02 6.900E-02  01:12:27 1.00000E-07           0  1.716E-03  1.734E-12
Output Field Frame Number   138, with time interval 5.000E-04, at step time 6.900E-02 of 7.500E-02
   695001  6.950E-02 6.950E-02  01:13:01 1.00000E-07           0  1.741E-03  1.556E-12
Output Field Frame Number   139, with time interval 5.000E-04, at step time 6.950E-02 of 7.500E-02
   700001  7.000E-02 7.000E-02  01:13:26 1.00000E-07           0  1.767E-03  1.321E-12
Output Field Frame Number   140, with time interval 5.000E-04, at step time 7.000E-02 of 7.500E-02
   705001  7.050E-02 7.050E-02  01:14:01 1.00000E-07           0  1.793E-03  1.149E-12
Output Field Frame Number   141, with time interval 5.000E-04, at step time 7.050E-02 of 7.500E-02
   710001  7.100E-02 7.100E-02  01:14:33 1.00000E-07           0  1.818E-03  1.130E-12
Output Field Frame Number   142, with time interval 5.000E-04, at step time 7.100E-02 of 7.500E-02
   715001  7.150E-02 7.150E-02  01:14:51 1.00000E-07           0  1.842E-03  1.262E-12
Output Field Frame Number   143, with time interval 5.000E-04, at step time 7.150E-02 of 7.500E-02
   720001  7.200E-02 7.200E-02  01:15:09 1.00000E-07           0  1.865E-03  1.451E-12
Output Field Frame Number   144, with time interval 5.000E-04, at step time 7.200E-02 of 7.500E-02
   725000  7.250E-02 7.250E-02  01:15:30 1.00000E-07           0  1.890E-03  1.570E-12
Output Field Frame Number   145, with time interval 5.000E-04, at step time 7.250E-02 of 7.500E-02
   730000  7.300E-02 7.300E-02  01:16:03 1.00000E-07           0  1.915E-03  1.538E-12
Output Field Frame Number   146, with time interval 5.000E-04, at step time 7.300E-02 of 7.500E-02
   735000  7.350E-02 7.350E-02  01:16:37 1.00000E-07           0  1.942E-03  1.356E-12
Output Field Frame Number   147, with time interval 5.000E-04, at step time 7.350E-02 of 7.500E-02
   740000  7.400E-02 7.400E-02  01:17:09 1.00000E-07           0  1.969E-03  1.112E-12
Output Field Frame Number   148, with time interval 5.000E-04, at step time 7.400E-02 of 7.500E-02
   745000  7.450E-02 7.450E-02  01:17:40 1.00000E-07           0  1.996E-03  9.383E-13
Output Field Frame Number   149, with time interval 5.000E-04, at step time 7.450E-02 of 7.500E-02
   750000  7.500E-02 7.500E-02  01:18:14 1.00000E-07           0  2.022E-03  9.329E-13
Restart Number  1 at 7.50000E-02
Output Field Frame Number   150, with time interval 5.000E-04, at step time 7.500E-02 of 7.500E-02
  EXPLICIT EXECUTABLE TIME SUMMARY
       USER TIME (SEC)      =   6382.8
       SYSTEM TIME (SEC)    =   5718.6
       WALLCLOCK TIME (SEC) =         4694
              INIT (SEC) =          0
              MAIN (SEC) =       4694

  THE ANALYSIS HAS COMPLETED SUCCESSFULLY

