Abaqus/Explicit 2025                             DATE 16-Sep-2026  TIME 11:21:41
-------------------------------------------------------------------------------
 PREPROCESSOR WARNING MESSAGES
-------------------------------------------------------------------------------


***WARNING: There are 13 warning messages in the data (.dat) file.  Please
            check the data file for possible errors in the input file.


-------------------------------------------------------------------------------
 NUMERICAL PRECISION USED FOR THIS Abaqus/Explicit ANALYSIS
-------------------------------------------------------------------------------

Double precision package and explicit executables will be used in this analysis.

-------------------------------------------------------------------------------

***WARNING: Surface (general) contact history output has been requested for
            surface ASSEMBLY_ROBOT_SOLID-1_ROBOT_SOLID_SURF in step 1, but
            only a portion of this surface intersects with the general contact
            domain.


***WARNING: A surface (general) contact field output has been requested for
            surface ASSEMBLY_ROBOT_SOLID-1_ROBOT_SOLID_SURF in step 1, but
            only a portion of this surface intersects with the general contact
            domain.

-------------------------------------------------------------------------------
 MODEL INFORMATION (IN GLOBAL X-Y COORDINATES)
-------------------------------------------------------------------------------

   Total mass in model = 1.10735E-07
   Center of mass of model = (-7.806648E+00,-6.961101E+00,-7.376987E+00)

    Moments of Inertia :
                 About Center of Mass              About Origin
      I(XX)          2.338209E-06                  1.373025E-05
      I(YY)          5.738266E-06                  1.851303E-05
      I(ZZ)          7.100027E-06                  1.921448E-05
      I(XY)         -2.221210E-06                 -8.238853E-06
      I(YZ)          8.389748E-07                 -4.847470E-06
      I(ZX)          5.938420E-07                 -5.783320E-06
-------------------------------------------------------------------------------

  INFORMATION REGARDING INITIAL CONTACT OVERCLOSURES FOR NEWLY DEFINED GENERAL
  CONTACT INTERACTIONS IN STEP 1

-------------------------------------------------------------------------------

  No initial node-face or edge-edge overclosures found.


  No nodal position adjustments have been made.


  No unresolved initial node-face or edge-edge overclosures found.


***NOTE: You can view the deformed configuration due to the resolution of
         initial overclosures.  In increment 0, draw the deformed shape or
         draw a symbol plot of vector displacements.

------------------------------------------------------------------------------

Abaqus/Explicit 2025                             DATE 16-Sep-2026  TIME 11:21:44
The entire model is considered 1 domain.
Only 1 MPI rank is used.

-------------------------------------------------------------------------------
 SOLUTION PROGRESS
-------------------------------------------------------------------------------

 STEP 1  ORIGIN 0.0000

  Total memory used for step 1 is approximately 59.9 megabytes.
  Direct time incrementation control will be used.

***WARNING: The direct user control is used in the current analysis step. In
            this case, Abaqus/Explicit will not check that the computed
            response is stable during the step. Please check carefully the
            energy history and other response variables to ensure that a valid
            and stable response has been obtained.

              STEP     TOTAL      WALL        STABLE    CRITICAL    KINETIC      TOTAL
INCREMENT     TIME      TIME      TIME     INCREMENT     ELEMENT     ENERGY     ENERGY
        0  0.000E+00 0.000E+00  00:00:00 1.00000E-07           0  0.000E+00  0.000E+00
Output Field Frame Number     0, with time interval 5.000E-04, at step time 0.000E+00 of 7.500E-02
     5000  5.000E-04 5.000E-04  00:00:32 1.00000E-07           0  1.405E-08  1.630E-15
Output Field Frame Number     1, with time interval 5.000E-04, at step time 5.000E-04 of 7.500E-02
    10000  1.000E-03 1.000E-03  00:01:01 1.00000E-07           0  1.020E-06  1.590E-14
Output Field Frame Number     2, with time interval 5.000E-04, at step time 1.000E-03 of 7.500E-02
    15000  1.500E-03 1.500E-03  00:01:33 1.00000E-07           0  4.957E-06  1.113E-14
Output Field Frame Number     3, with time interval 5.000E-04, at step time 1.500E-03 of 7.500E-02
    20000  2.000E-03 2.000E-03  00:01:53 1.00000E-07           0  8.561E-06  1.327E-15
Output Field Frame Number     4, with time interval 5.000E-04, at step time 2.000E-03 of 7.500E-02
    25000  2.500E-03 2.500E-03  00:02:17 1.00000E-07           0  7.713E-06  6.420E-15
Output Field Frame Number     5, with time interval 5.000E-04, at step time 2.500E-03 of 7.500E-02
    30000  3.000E-03 3.000E-03  00:02:37 1.00000E-07           0  4.412E-06  1.681E-14
Output Field Frame Number     6, with time interval 5.000E-04, at step time 3.000E-03 of 7.500E-02
    35001  3.500E-03 3.500E-03  00:02:59 1.00000E-07           0  3.416E-06  1.216E-14
Output Field Frame Number     7, with time interval 5.000E-04, at step time 3.500E-03 of 7.500E-02
    40000  4.000E-03 4.000E-03  00:03:31 1.00000E-07           0  4.809E-06  1.598E-15
Output Field Frame Number     8, with time interval 5.000E-04, at step time 4.000E-03 of 7.500E-02
    45001  4.500E-03 4.500E-03  00:04:02 1.00000E-07           0  6.046E-06  5.407E-15
Output Field Frame Number     9, with time interval 5.000E-04, at step time 4.500E-03 of 7.500E-02
    50000  5.000E-03 5.000E-03  00:04:35 1.00000E-07           0  8.080E-06  1.494E-14
Output Field Frame Number    10, with time interval 5.000E-04, at step time 5.000E-03 of 7.500E-02
    55000  5.500E-03 5.500E-03  00:04:59 1.00000E-07           0  1.280E-05  1.052E-14
Output Field Frame Number    11, with time interval 5.000E-04, at step time 5.500E-03 of 7.500E-02
    60000  6.000E-03 6.000E-03  00:05:19 1.00000E-07           0  1.740E-05  1.203E-15
Output Field Frame Number    12, with time interval 5.000E-04, at step time 6.000E-03 of 7.500E-02
    65001  6.500E-03 6.500E-03  00:05:39 1.00000E-07           0  1.810E-05  6.709E-15
Output Field Frame Number    13, with time interval 5.000E-04, at step time 6.500E-03 of 7.500E-02
    70001  7.000E-03 7.000E-03  00:06:10 1.00000E-07           0  1.689E-05  1.747E-14
Output Field Frame Number    14, with time interval 5.000E-04, at step time 7.000E-03 of 7.500E-02
    75000  7.500E-03 7.500E-03  00:06:46 1.00000E-07           0  1.821E-05  1.287E-14
Output Field Frame Number    15, with time interval 5.000E-04, at step time 7.500E-03 of 7.500E-02
    80000  8.000E-03 8.000E-03  00:07:23 1.00000E-07           0  2.164E-05  1.751E-15
Output Field Frame Number    16, with time interval 5.000E-04, at step time 8.000E-03 of 7.500E-02
    85001  8.500E-03 8.500E-03  00:08:02 1.00000E-07           0  2.420E-05  4.856E-15
Output Field Frame Number    17, with time interval 5.000E-04, at step time 8.500E-03 of 7.500E-02
    90001  9.000E-03 9.000E-03  00:08:38 1.00000E-07           0  2.676E-05  1.421E-14
Output Field Frame Number    18, with time interval 5.000E-04, at step time 9.000E-03 of 7.500E-02
    95000  9.500E-03 9.500E-03  00:09:14 1.00000E-07           0  3.174E-05  1.011E-14
Output Field Frame Number    19, with time interval 5.000E-04, at step time 9.500E-03 of 7.500E-02
   100000  1.000E-02 1.000E-02  00:09:48 1.00000E-07           0  3.711E-05  1.083E-15
Output Field Frame Number    20, with time interval 5.000E-04, at step time 1.000E-02 of 7.500E-02
   105001  1.050E-02 1.050E-02  00:10:23 1.00000E-07           0  3.953E-05  6.738E-15
Output Field Frame Number    21, with time interval 5.000E-04, at step time 1.050E-02 of 7.500E-02
   110000  1.100E-02 1.100E-02  00:10:58 1.00000E-07           0  4.088E-05  1.770E-14
Output Field Frame Number    22, with time interval 5.000E-04, at step time 1.100E-02 of 7.500E-02
   115000  1.150E-02 1.150E-02  00:11:33 1.00000E-07           0  4.501E-05  1.319E-14
Output Field Frame Number    23, with time interval 5.000E-04, at step time 1.150E-02 of 7.500E-02
   120000  1.200E-02 1.200E-02  00:12:09 1.00000E-07           0  5.076E-05  1.760E-15
Output Field Frame Number    24, with time interval 5.000E-04, at step time 1.200E-02 of 7.500E-02
   125001  1.250E-02 1.250E-02  00:12:43 1.00000E-07           0  5.460E-05  4.445E-15
Output Field Frame Number    25, with time interval 5.000E-04, at step time 1.250E-02 of 7.500E-02
   130001  1.300E-02 1.300E-02  00:13:18 1.00000E-07           0  5.747E-05  1.378E-14
Output Field Frame Number    26, with time interval 5.000E-04, at step time 1.300E-02 of 7.500E-02
   135000  1.350E-02 1.350E-02  00:13:55 1.00000E-07           0  6.249E-05  9.923E-15
Output Field Frame Number    27, with time interval 5.000E-04, at step time 1.350E-02 of 7.500E-02
   140001  1.400E-02 1.400E-02  00:14:29 1.00000E-07           0  6.856E-05  9.014E-16
Output Field Frame Number    28, with time interval 5.000E-04, at step time 1.400E-02 of 7.500E-02
   145001  1.450E-02 1.450E-02  00:15:04 1.00000E-07           0  7.285E-05  6.358E-15
Output Field Frame Number    29, with time interval 5.000E-04, at step time 1.450E-02 of 7.500E-02
   150000  1.500E-02 1.500E-02  00:15:39 1.00000E-07           0  7.698E-05  1.732E-14
Output Field Frame Number    30, with time interval 5.000E-04, at step time 1.500E-02 of 7.500E-02
   155000  1.550E-02 1.550E-02  00:16:13 1.00000E-07           0  8.411E-05  1.298E-14
Output Field Frame Number    31, with time interval 5.000E-04, at step time 1.550E-02 of 7.500E-02
   160000  1.600E-02 1.600E-02  00:16:49 1.00000E-07           0  9.225E-05  1.577E-15
Output Field Frame Number    32, with time interval 5.000E-04, at step time 1.600E-02 of 7.500E-02
   165000  1.650E-02 1.650E-02  00:17:25 1.00000E-07           0  9.740E-05  4.238E-15
Output Field Frame Number    33, with time interval 5.000E-04, at step time 1.650E-02 of 7.500E-02
   170001  1.700E-02 1.700E-02  00:18:00 1.00000E-07           0  1.006E-04  1.380E-14
Output Field Frame Number    34, with time interval 5.000E-04, at step time 1.700E-02 of 7.500E-02
   175001  1.750E-02 1.750E-02  00:18:36 1.00000E-07           0  1.058E-04  1.015E-14
Output Field Frame Number    35, with time interval 5.000E-04, at step time 1.750E-02 of 7.500E-02
   180001  1.800E-02 1.800E-02  00:19:15 1.00000E-07           0  1.128E-04  8.679E-16
Output Field Frame Number    36, with time interval 5.000E-04, at step time 1.800E-02 of 7.500E-02
   185000  1.850E-02 1.850E-02  00:19:50 1.00000E-07           0  1.189E-04  5.765E-15
Output Field Frame Number    37, with time interval 5.000E-04, at step time 1.850E-02 of 7.500E-02
   190000  1.900E-02 1.900E-02  00:20:11 1.00000E-07           0  1.258E-04  1.652E-14
Output Field Frame Number    38, with time interval 5.000E-04, at step time 1.900E-02 of 7.500E-02
   195000  1.950E-02 1.950E-02  00:20:30 1.00000E-07           0  1.357E-04  1.237E-14
Output Field Frame Number    39, with time interval 5.000E-04, at step time 1.950E-02 of 7.500E-02

 STEP 1  ORIGIN 0.0000


***WARNING: The direct user control is used in the current analysis step. In
            this case, Abaqus/Explicit will not check that the computed
            response is stable during the step. Please check carefully the
            energy history and other response variables to ensure that a valid
            and stable response has been obtained.

              STEP     TOTAL      WALL        STABLE    CRITICAL    KINETIC      TOTAL
INCREMENT     TIME      TIME      TIME     INCREMENT     ELEMENT     ENERGY     ENERGY
   200000  2.000E-02 2.000E-02  00:20:48 1.00000E-07           0  1.461E-04  1.198E-15
Output Field Frame Number    40, with time interval 5.000E-04, at step time 2.000E-02 of 7.500E-02
   205001  2.050E-02 2.050E-02  00:21:06 1.00000E-07           0  1.526E-04  4.073E-15
Output Field Frame Number    41, with time interval 5.000E-04, at step time 2.050E-02 of 7.500E-02
   210001  2.100E-02 2.100E-02  00:21:24 1.00000E-07           0  1.565E-04  1.394E-14
Output Field Frame Number    42, with time interval 5.000E-04, at step time 2.100E-02 of 7.500E-02
   215001  2.150E-02 2.150E-02  00:21:42 1.00000E-07           0  1.623E-04  1.035E-14
Output Field Frame Number    43, with time interval 5.000E-04, at step time 2.150E-02 of 7.500E-02
   220000  2.200E-02 2.200E-02  00:22:01 1.00000E-07           0  1.703E-04  4.952E-16
Output Field Frame Number    44, with time interval 5.000E-04, at step time 2.200E-02 of 7.500E-02
   225000  2.250E-02 2.250E-02  00:22:19 1.00000E-07           0  1.783E-04  4.557E-15
Output Field Frame Number    45, with time interval 5.000E-04, at step time 2.250E-02 of 7.500E-02
   230000  2.300E-02 2.300E-02  00:22:50 1.00000E-07           0  1.874E-04  1.496E-14
Output Field Frame Number    46, with time interval 5.000E-04, at step time 2.300E-02 of 7.500E-02
   235000  2.350E-02 2.350E-02  00:23:24 1.00000E-07           0  1.995E-04  1.107E-14
Output Field Frame Number    47, with time interval 5.000E-04, at step time 2.350E-02 of 7.500E-02
   240000  2.400E-02 2.400E-02  00:23:59 1.00000E-07           0  2.118E-04  3.512E-16
Output Field Frame Number    48, with time interval 5.000E-04, at step time 2.400E-02 of 7.500E-02
   245001  2.450E-02 2.450E-02  00:24:34 1.00000E-07           0  2.197E-04  3.674E-15
Output Field Frame Number    49, with time interval 5.000E-04, at step time 2.450E-02 of 7.500E-02
   250001  2.500E-02 2.500E-02  00:25:08 1.00000E-07           0  2.247E-04  1.397E-14
Output Field Frame Number    50, with time interval 5.000E-04, at step time 2.500E-02 of 7.500E-02
   255001  2.550E-02 2.550E-02  00:25:41 1.00000E-07           0  2.317E-04  1.045E-14
Output Field Frame Number    51, with time interval 5.000E-04, at step time 2.550E-02 of 7.500E-02
   260001  2.600E-02 2.600E-02  00:26:15 1.00000E-07           0  2.412E-04 -7.974E-17
Output Field Frame Number    52, with time interval 5.000E-04, at step time 2.600E-02 of 7.500E-02
   265000  2.650E-02 2.650E-02  00:26:48 1.00000E-07           0  2.509E-04  3.032E-15
Output Field Frame Number    53, with time interval 5.000E-04, at step time 2.650E-02 of 7.500E-02
   270000  2.700E-02 2.700E-02  00:27:23 1.00000E-07           0  2.616E-04  1.302E-14
Output Field Frame Number    54, with time interval 5.000E-04, at step time 2.700E-02 of 7.500E-02
   275000  2.750E-02 2.750E-02  00:27:57 1.00000E-07           0  2.751E-04  9.435E-15
Output Field Frame Number    55, with time interval 5.000E-04, at step time 2.750E-02 of 7.500E-02
   280001  2.800E-02 2.800E-02  00:28:32 1.00000E-07           0  2.887E-04 -7.720E-16
Output Field Frame Number    56, with time interval 5.000E-04, at step time 2.800E-02 of 7.500E-02
   285001  2.850E-02 2.850E-02  00:29:05 1.00000E-07           0  2.981E-04  3.028E-15
Output Field Frame Number    57, with time interval 5.000E-04, at step time 2.850E-02 of 7.500E-02
   290001  2.900E-02 2.900E-02  00:29:39 1.00000E-07           0  3.048E-04  1.375E-14
Output Field Frame Number    58, with time interval 5.000E-04, at step time 2.900E-02 of 7.500E-02
   295001  2.950E-02 2.950E-02  00:30:13 1.00000E-07           0  3.136E-04  1.027E-14
Output Field Frame Number    59, with time interval 5.000E-04, at step time 2.950E-02 of 7.500E-02
   300000  3.000E-02 3.000E-02  00:30:46 1.00000E-07           0  3.249E-04 -7.999E-16
Output Field Frame Number    60, with time interval 5.000E-04, at step time 3.000E-02 of 7.500E-02
   305000  3.050E-02 3.050E-02  00:31:20 1.00000E-07           0  3.361E-04  1.550E-15
Output Field Frame Number    61, with time interval 5.000E-04, at step time 3.050E-02 of 7.500E-02
   310000  3.100E-02 3.100E-02  00:31:53 1.00000E-07           0  3.477E-04  1.131E-14
Output Field Frame Number    62, with time interval 5.000E-04, at step time 3.100E-02 of 7.500E-02
   315000  3.150E-02 3.150E-02  00:32:27 1.00000E-07           0  3.619E-04  8.150E-15
Output Field Frame Number    63, with time interval 5.000E-04, at step time 3.150E-02 of 7.500E-02
   320000  3.200E-02 3.200E-02  00:33:01 1.00000E-07           0  3.764E-04 -1.494E-15
Output Field Frame Number    64, with time interval 5.000E-04, at step time 3.200E-02 of 7.500E-02
   325000  3.250E-02 3.250E-02  00:33:34 1.00000E-07           0  3.874E-04  2.777E-15
Output Field Frame Number    65, with time interval 5.000E-04, at step time 3.250E-02 of 7.500E-02
   330000  3.300E-02 3.300E-02  00:34:08 1.00000E-07           0  3.963E-04  1.395E-14
Output Field Frame Number    66, with time interval 5.000E-04, at step time 3.300E-02 of 7.500E-02
   335001  3.350E-02 3.350E-02  00:34:41 1.00000E-07           0  4.076E-04  1.066E-14
Output Field Frame Number    67, with time interval 5.000E-04, at step time 3.350E-02 of 7.500E-02
   340001  3.400E-02 3.400E-02  00:35:16 1.00000E-07           0  4.211E-04 -8.758E-16
Output Field Frame Number    68, with time interval 5.000E-04, at step time 3.400E-02 of 7.500E-02
   345001  3.450E-02 3.450E-02  00:35:49 1.00000E-07           0  4.336E-04  7.818E-16
Output Field Frame Number    69, with time interval 5.000E-04, at step time 3.450E-02 of 7.500E-02
   350001  3.500E-02 3.500E-02  00:36:23 1.00000E-07           0  4.458E-04  1.032E-14
Output Field Frame Number    70, with time interval 5.000E-04, at step time 3.500E-02 of 7.500E-02
   355001  3.550E-02 3.550E-02  00:36:56 1.00000E-07           0  4.602E-04  7.309E-15
Output Field Frame Number    71, with time interval 5.000E-04, at step time 3.550E-02 of 7.500E-02
   360001  3.600E-02 3.600E-02  00:37:30 1.00000E-07           0  4.755E-04 -2.284E-15
Output Field Frame Number    72, with time interval 5.000E-04, at step time 3.600E-02 of 7.500E-02
   365000  3.650E-02 3.650E-02  00:38:03 1.00000E-07           0  4.882E-04  1.869E-15
Output Field Frame Number    73, with time interval 5.000E-04, at step time 3.650E-02 of 7.500E-02
   370000  3.700E-02 3.700E-02  00:38:36 1.00000E-07           0  4.997E-04  1.301E-14
Output Field Frame Number    74, with time interval 5.000E-04, at step time 3.700E-02 of 7.500E-02
   375000  3.750E-02 3.750E-02  00:39:10 1.00000E-07           0  5.139E-04  9.641E-15
Output Field Frame Number    75, with time interval 5.000E-04, at step time 3.750E-02 of 7.500E-02
   380000  3.800E-02 3.800E-02  00:39:43 1.00000E-07           0  5.299E-04 -2.299E-15
Output Field Frame Number    76, with time interval 5.000E-04, at step time 3.800E-02 of 7.500E-02
   385000  3.850E-02 3.850E-02  00:40:18 1.00000E-07           0  5.440E-04 -1.183E-15
Output Field Frame Number    77, with time interval 5.000E-04, at step time 3.850E-02 of 7.500E-02
   390000  3.900E-02 3.900E-02  00:40:54 1.00000E-07           0  5.566E-04  8.166E-15
Output Field Frame Number    78, with time interval 5.000E-04, at step time 3.900E-02 of 7.500E-02
   395000  3.950E-02 3.950E-02  00:41:31 1.00000E-07           0  5.712E-04  5.290E-15
Output Field Frame Number    79, with time interval 5.000E-04, at step time 3.950E-02 of 7.500E-02

 STEP 1  ORIGIN 0.0000


***WARNING: The direct user control is used in the current analysis step. In
            this case, Abaqus/Explicit will not check that the computed
            response is stable during the step. Please check carefully the
            energy history and other response variables to ensure that a valid
            and stable response has been obtained.

              STEP     TOTAL      WALL        STABLE    CRITICAL    KINETIC      TOTAL
INCREMENT     TIME      TIME      TIME     INCREMENT     ELEMENT     ENERGY     ENERGY
   400000  4.000E-02 4.000E-02  00:42:06 1.00000E-07           0  5.872E-04 -4.374E-15
Output Field Frame Number    80, with time interval 5.000E-04, at step time 4.000E-02 of 7.500E-02
   405000  4.050E-02 4.050E-02  00:42:41 1.00000E-07           0  6.019E-04 -5.383E-16
Output Field Frame Number    81, with time interval 5.000E-04, at step time 4.050E-02 of 7.500E-02
   410001  4.100E-02 4.100E-02  00:43:15 1.00000E-07           0  6.163E-04  1.048E-14
Output Field Frame Number    82, with time interval 5.000E-04, at step time 4.100E-02 of 7.500E-02
   415001  4.150E-02 4.150E-02  00:43:49 1.00000E-07           0  6.337E-04  7.234E-15
Output Field Frame Number    83, with time interval 5.000E-04, at step time 4.150E-02 of 7.500E-02
   420001  4.200E-02 4.200E-02  00:44:23 1.00000E-07           0  6.523E-04 -4.671E-15
Output Field Frame Number    84, with time interval 5.000E-04, at step time 4.200E-02 of 7.500E-02
   425001  4.250E-02 4.250E-02  00:44:57 1.00000E-07           0  6.679E-04 -3.591E-15
Output Field Frame Number    85, with time interval 5.000E-04, at step time 4.250E-02 of 7.500E-02
   430001  4.300E-02 4.300E-02  00:45:31 1.00000E-07           0  6.812E-04  5.931E-15
Output Field Frame Number    86, with time interval 5.000E-04, at step time 4.300E-02 of 7.500E-02
   435001  4.350E-02 4.350E-02  00:46:04 1.00000E-07           0  6.963E-04  3.180E-15
Output Field Frame Number    87, with time interval 5.000E-04, at step time 4.350E-02 of 7.500E-02
   440000  4.400E-02 4.400E-02  00:46:39 1.00000E-07           0  7.133E-04 -6.834E-15
Output Field Frame Number    88, with time interval 5.000E-04, at step time 4.400E-02 of 7.500E-02
   445000  4.450E-02 4.450E-02  00:47:13 1.00000E-07           0  7.300E-04 -3.681E-15
Output Field Frame Number    89, with time interval 5.000E-04, at step time 4.450E-02 of 7.500E-02
   450000  4.500E-02 4.500E-02  00:47:47 1.00000E-07           0  7.472E-04  6.983E-15
Output Field Frame Number    90, with time interval 5.000E-04, at step time 4.500E-02 of 7.500E-02
   455000  4.550E-02 4.550E-02  00:48:21 1.00000E-07           0  7.675E-04  3.898E-15
Output Field Frame Number    91, with time interval 5.000E-04, at step time 4.550E-02 of 7.500E-02
   460000  4.600E-02 4.600E-02  00:48:52 1.00000E-07           0  7.885E-04 -7.734E-15
Output Field Frame Number    92, with time interval 5.000E-04, at step time 4.600E-02 of 7.500E-02
   465000  4.650E-02 4.650E-02  00:49:24 1.00000E-07           0  8.058E-04 -6.371E-15
Output Field Frame Number    93, with time interval 5.000E-04, at step time 4.650E-02 of 7.500E-02
   470000  4.700E-02 4.700E-02  00:49:55 1.00000E-07           0  8.201E-04  3.494E-15
Output Field Frame Number    94, with time interval 5.000E-04, at step time 4.700E-02 of 7.500E-02
   475000  4.750E-02 4.750E-02  00:50:27 1.00000E-07           0  8.359E-04  8.535E-16
Output Field Frame Number    95, with time interval 5.000E-04, at step time 4.750E-02 of 7.500E-02
   480000  4.800E-02 4.800E-02  00:50:59 1.00000E-07           0  8.543E-04 -9.738E-15
Output Field Frame Number    96, with time interval 5.000E-04, at step time 4.800E-02 of 7.500E-02
   485001  4.850E-02 4.850E-02  00:51:31 1.00000E-07           0  8.729E-04 -7.488E-15
Output Field Frame Number    97, with time interval 5.000E-04, at step time 4.850E-02 of 7.500E-02
   490001  4.900E-02 4.900E-02  00:52:03 1.00000E-07           0  8.923E-04  2.736E-15
Output Field Frame Number    98, with time interval 5.000E-04, at step time 4.900E-02 of 7.500E-02
   495001  4.950E-02 4.950E-02  00:52:34 1.00000E-07           0  9.148E-04 -1.186E-16
Output Field Frame Number    99, with time interval 5.000E-04, at step time 4.950E-02 of 7.500E-02
   500001  5.000E-02 5.000E-02  00:53:06 1.00000E-07           0  9.376E-04 -1.131E-14
Output Field Frame Number   100, with time interval 5.000E-04, at step time 5.000E-02 of 7.500E-02
   505001  5.050E-02 5.050E-02  00:53:38 1.00000E-07           0  9.564E-04 -9.520E-15
Output Field Frame Number   101, with time interval 5.000E-04, at step time 5.050E-02 of 7.500E-02
   510001  5.100E-02 5.100E-02  00:54:09 1.00000E-07           0  9.719E-04  7.597E-16
Output Field Frame Number   102, with time interval 5.000E-04, at step time 5.100E-02 of 7.500E-02
   515001  5.150E-02 5.150E-02  00:54:41 1.00000E-07           0  9.891E-04 -1.830E-15
Output Field Frame Number   103, with time interval 5.000E-04, at step time 5.150E-02 of 7.500E-02
   520001  5.200E-02 5.200E-02  00:55:12 1.00000E-07           0  1.009E-03 -1.309E-14
Output Field Frame Number   104, with time interval 5.000E-04, at step time 5.200E-02 of 7.500E-02
   525000  5.250E-02 5.250E-02  00:55:44 1.00000E-07           0  1.029E-03 -1.184E-14
Output Field Frame Number   105, with time interval 5.000E-04, at step time 5.250E-02 of 7.500E-02
   530000  5.300E-02 5.300E-02  00:56:16 1.00000E-07           0  1.050E-03 -2.110E-15
Output Field Frame Number   106, with time interval 5.000E-04, at step time 5.300E-02 of 7.500E-02
   535000  5.350E-02 5.350E-02  00:56:47 1.00000E-07           0  1.074E-03 -4.781E-15
Output Field Frame Number   107, with time interval 5.000E-04, at step time 5.350E-02 of 7.500E-02
   540000  5.400E-02 5.400E-02  00:57:19 1.00000E-07           0  1.097E-03 -1.549E-14
Output Field Frame Number   108, with time interval 5.000E-04, at step time 5.400E-02 of 7.500E-02
   545000  5.450E-02 5.450E-02  00:57:51 1.00000E-07           0  1.117E-03 -1.327E-14
Output Field Frame Number   109, with time interval 5.000E-04, at step time 5.450E-02 of 7.500E-02
   550000  5.500E-02 5.500E-02  00:58:22 1.00000E-07           0  1.135E-03 -2.591E-15
Output Field Frame Number   110, with time interval 5.000E-04, at step time 5.500E-02 of 7.500E-02
   555000  5.550E-02 5.550E-02  00:58:54 1.00000E-07           0  1.154E-03 -5.132E-15
Output Field Frame Number   111, with time interval 5.000E-04, at step time 5.550E-02 of 7.500E-02
   560001  5.600E-02 5.600E-02  00:59:26 1.00000E-07           0  1.175E-03 -1.700E-14
Output Field Frame Number   112, with time interval 5.000E-04, at step time 5.600E-02 of 7.500E-02
   565001  5.650E-02 5.650E-02  00:59:58 1.00000E-07           0  1.196E-03 -1.665E-14
Output Field Frame Number   113, with time interval 5.000E-04, at step time 5.650E-02 of 7.500E-02
   570001  5.700E-02 5.700E-02  01:00:30 1.00000E-07           0  1.218E-03 -7.360E-15
Output Field Frame Number   114, with time interval 5.000E-04, at step time 5.700E-02 of 7.500E-02
   575001  5.750E-02 5.750E-02  01:01:01 1.00000E-07           0  1.242E-03 -9.812E-15
Output Field Frame Number   115, with time interval 5.000E-04, at step time 5.750E-02 of 7.500E-02
   580001  5.800E-02 5.800E-02  01:01:34 1.00000E-07           0  1.266E-03 -2.018E-14
Output Field Frame Number   116, with time interval 5.000E-04, at step time 5.800E-02 of 7.500E-02
   585001  5.850E-02 5.850E-02  01:02:05 1.00000E-07           0  1.287E-03 -1.730E-14
Output Field Frame Number   117, with time interval 5.000E-04, at step time 5.850E-02 of 7.500E-02
   590001  5.900E-02 5.900E-02  01:02:37 1.00000E-07           0  1.306E-03 -5.852E-15
Output Field Frame Number   118, with time interval 5.000E-04, at step time 5.900E-02 of 7.500E-02
   595001  5.950E-02 5.950E-02  01:03:09 1.00000E-07           0  1.327E-03 -7.794E-15
Output Field Frame Number   119, with time interval 5.000E-04, at step time 5.950E-02 of 7.500E-02

 STEP 1  ORIGIN 0.0000


***WARNING: The direct user control is used in the current analysis step. In
            this case, Abaqus/Explicit will not check that the computed
            response is stable during the step. Please check carefully the
            energy history and other response variables to ensure that a valid
            and stable response has been obtained.

              STEP     TOTAL      WALL        STABLE    CRITICAL    KINETIC      TOTAL
INCREMENT     TIME      TIME      TIME     INCREMENT     ELEMENT     ENERGY     ENERGY
   600000  6.000E-02 6.000E-02  01:03:40 1.00000E-07           0  1.351E-03 -1.955E-14
Output Field Frame Number   120, with time interval 5.000E-04, at step time 6.000E-02 of 7.500E-02
   605000  6.050E-02 6.050E-02  01:04:11 1.00000E-07           0  1.373E-03 -1.931E-14
Output Field Frame Number   121, with time interval 5.000E-04, at step time 6.050E-02 of 7.500E-02
   610000  6.100E-02 6.100E-02  01:04:36 1.00000E-07           0  1.395E-03 -9.730E-15
Output Field Frame Number   122, with time interval 5.000E-04, at step time 6.100E-02 of 7.500E-02
   615000  6.150E-02 6.150E-02  01:04:54 1.00000E-07           0  1.418E-03 -1.142E-14
Output Field Frame Number   123, with time interval 5.000E-04, at step time 6.150E-02 of 7.500E-02
   620000  6.200E-02 6.200E-02  01:05:12 1.00000E-07           0  1.443E-03 -2.106E-14
Output Field Frame Number   124, with time interval 5.000E-04, at step time 6.200E-02 of 7.500E-02
   625000  6.250E-02 6.250E-02  01:05:31 1.00000E-07           0  1.465E-03 -1.813E-14
Output Field Frame Number   125, with time interval 5.000E-04, at step time 6.250E-02 of 7.500E-02
   630000  6.300E-02 6.300E-02  01:05:49 1.00000E-07           0  1.486E-03 -6.665E-15
Output Field Frame Number   126, with time interval 5.000E-04, at step time 6.300E-02 of 7.500E-02
   635000  6.350E-02 6.350E-02  01:06:21 1.00000E-07           0  1.510E-03 -8.506E-15
Output Field Frame Number   127, with time interval 5.000E-04, at step time 6.350E-02 of 7.500E-02
   640000  6.400E-02 6.400E-02  01:06:53 1.00000E-07           0  1.535E-03 -2.043E-14
Output Field Frame Number   128, with time interval 5.000E-04, at step time 6.400E-02 of 7.500E-02
   645000  6.450E-02 6.450E-02  01:07:24 1.00000E-07           0  1.559E-03 -2.051E-14
Output Field Frame Number   129, with time interval 5.000E-04, at step time 6.450E-02 of 7.500E-02
   650000  6.500E-02 6.500E-02  01:07:56 1.00000E-07           0  1.580E-03 -1.094E-14
Output Field Frame Number   130, with time interval 5.000E-04, at step time 6.500E-02 of 7.500E-02
   655000  6.550E-02 6.550E-02  01:08:27 1.00000E-07           0  1.604E-03 -1.244E-14
Output Field Frame Number   131, with time interval 5.000E-04, at step time 6.550E-02 of 7.500E-02
   660000  6.600E-02 6.600E-02  01:09:01 1.00000E-07           0  1.628E-03 -2.223E-14
Output Field Frame Number   132, with time interval 5.000E-04, at step time 6.600E-02 of 7.500E-02
   665000  6.650E-02 6.650E-02  01:09:34 1.00000E-07           0  1.652E-03 -1.970E-14
Output Field Frame Number   133, with time interval 5.000E-04, at step time 6.650E-02 of 7.500E-02
   670001  6.700E-02 6.700E-02  01:10:08 1.00000E-07           0  1.676E-03 -8.450E-15
Output Field Frame Number   134, with time interval 5.000E-04, at step time 6.700E-02 of 7.500E-02
   675001  6.750E-02 6.750E-02  01:10:34 1.00000E-07           0  1.702E-03 -1.018E-14
Output Field Frame Number   135, with time interval 5.000E-04, at step time 6.750E-02 of 7.500E-02
   680001  6.800E-02 6.800E-02  01:11:07 1.00000E-07           0  1.730E-03 -2.201E-14
Output Field Frame Number   136, with time interval 5.000E-04, at step time 6.800E-02 of 7.500E-02
   685001  6.850E-02 6.850E-02  01:11:43 1.00000E-07           0  1.754E-03 -2.208E-14
Output Field Frame Number   137, with time interval 5.000E-04, at step time 6.850E-02 of 7.500E-02
   690001  6.900E-02 6.900E-02  01:12:03 1.00000E-07           0  1.776E-03 -1.230E-14
Output Field Frame Number   138, with time interval 5.000E-04, at step time 6.900E-02 of 7.500E-02
   695001  6.950E-02 6.950E-02  01:12:22 1.00000E-07           0  1.799E-03 -1.371E-14
Output Field Frame Number   139, with time interval 5.000E-04, at step time 6.950E-02 of 7.500E-02
   700001  7.000E-02 7.000E-02  01:12:41 1.00000E-07           0  1.824E-03 -2.450E-14
Output Field Frame Number   140, with time interval 5.000E-04, at step time 7.000E-02 of 7.500E-02
   705001  7.050E-02 7.050E-02  01:13:06 1.00000E-07           0  1.849E-03 -2.336E-14
Output Field Frame Number   141, with time interval 5.000E-04, at step time 7.050E-02 of 7.500E-02
   710001  7.100E-02 7.100E-02  01:13:43 1.00000E-07           0  1.875E-03 -1.321E-14
Output Field Frame Number   142, with time interval 5.000E-04, at step time 7.100E-02 of 7.500E-02
   715001  7.150E-02 7.150E-02  01:14:15 1.00000E-07           0  1.903E-03 -1.551E-14
Output Field Frame Number   143, with time interval 5.000E-04, at step time 7.150E-02 of 7.500E-02
   720001  7.200E-02 7.200E-02  01:14:46 1.00000E-07           0  1.932E-03 -2.766E-14
Output Field Frame Number   144, with time interval 5.000E-04, at step time 7.200E-02 of 7.500E-02
   725000  7.250E-02 7.250E-02  01:15:19 1.00000E-07           0  1.957E-03 -2.813E-14
Output Field Frame Number   145, with time interval 5.000E-04, at step time 7.250E-02 of 7.500E-02
   730000  7.300E-02 7.300E-02  01:15:52 1.00000E-07           0  1.979E-03 -1.867E-14
Output Field Frame Number   146, with time interval 5.000E-04, at step time 7.300E-02 of 7.500E-02
   735000  7.350E-02 7.350E-02  01:16:25 1.00000E-07           0  2.002E-03 -2.064E-14
Output Field Frame Number   147, with time interval 5.000E-04, at step time 7.350E-02 of 7.500E-02
   740000  7.400E-02 7.400E-02  01:16:58 1.00000E-07           0  2.028E-03 -3.205E-14
Output Field Frame Number   148, with time interval 5.000E-04, at step time 7.400E-02 of 7.500E-02
   745000  7.450E-02 7.450E-02  01:17:30 1.00000E-07           0  2.054E-03 -3.186E-14
Output Field Frame Number   149, with time interval 5.000E-04, at step time 7.450E-02 of 7.500E-02
   750000  7.500E-02 7.500E-02  01:18:02 1.00000E-07           0  2.080E-03 -2.228E-14
Restart Number  1 at 7.50000E-02
Output Field Frame Number   150, with time interval 5.000E-04, at step time 7.500E-02 of 7.500E-02
  EXPLICIT EXECUTABLE TIME SUMMARY
       USER TIME (SEC)      =   2183.6
       SYSTEM TIME (SEC)    =   1860.0
       WALLCLOCK TIME (SEC) =         4682
              INIT (SEC) =          0
              MAIN (SEC) =       4682

  THE ANALYSIS HAS COMPLETED SUCCESSFULLY

